[INFO] Scanning for projects...
[INFO] 
[INFO] --------------------< com.test:selenium-automation >--------------------
[INFO] Building selenium-automation 1.0-SNAPSHOT
[INFO]   from pom.xml
[INFO] --------------------------------[ jar ]---------------------------------
[INFO] 
[INFO] --- clean:3.2.0:clean (default-clean) @ selenium-automation ---
[INFO] Deleting C:\Users\Emrah\Desktop\Java Dersleri\SeleniumOtoAi\target
[INFO] 
[INFO] --- resources:3.3.1:resources (default-resources) @ selenium-automation ---
[INFO] skip non existing resourceDirectory C:\Users\Emrah\Desktop\Java Dersleri\SeleniumOtoAi\src\main\resources
[INFO] 
[INFO] --- compiler:3.13.0:compile (default-compile) @ selenium-automation ---
[INFO] Recompiling the module because of changed source code.
[INFO] Compiling 2 source files with javac [debug target 11] to target\classes
[WARNING] system modules path not set in conjunction with -source 11
[INFO] Annotation processing is enabled because one or more processors were found
  on the class path. A future release of javac may disable annotation processing
  unless at least one processor is specified by name (-processor), or a search
  path is specified (--processor-path, --processor-module-path), or annotation
  processing is enabled explicitly (-proc:only, -proc:full).
  Use -Xlint:-options to suppress this message.
  Use -proc:none to disable annotation processing.
[INFO] 
[INFO] --- resources:3.3.1:testResources (default-testResources) @ selenium-automation ---
[INFO] skip non existing resourceDirectory C:\Users\Emrah\Desktop\Java Dersleri\SeleniumOtoAi\src\test\resources
[INFO] 
[INFO] --- compiler:3.13.0:testCompile (default-testCompile) @ selenium-automation ---
[INFO] Recompiling the module because of changed dependency.
[INFO] Compiling 3 source files with javac [debug target 11] to target\test-classes
[WARNING] system modules path not set in conjunction with -source 11
[INFO] Annotation processing is enabled because one or more processors were found
  on the class path. A future release of javac may disable annotation processing
  unless at least one processor is specified by name (-processor), or a search
  path is specified (--processor-path, --processor-module-path), or annotation
  processing is enabled explicitly (-proc:only, -proc:full).
  Use -Xlint:-options to suppress this message.
  Use -proc:none to disable annotation processing.
[INFO] 
[INFO] --- surefire:3.0.0-M5:test (default-test) @ selenium-automation ---
[INFO] 
[INFO] -------------------------------------------------------
[INFO]  T E S T S
[INFO] -------------------------------------------------------
[INFO] Running TestSuite
mvn : SLF4J: Failed to load class "org.slf4j.impl.StaticLoggerBinder".
At line:1 char:1
+ mvn clean test > test-output.txt 2>&1
+ ~~~~~~~~~~~~~~~~~~~~~~~~~~~~~~~~~~~~~
    + CategoryInfo          : NotSpecified: (SLF4J: Failed t...cLoggerBinder".:String) [], RemoteException
    + FullyQualifiedErrorId : NativeCommandError
 
SLF4J: Defaulting to no-operation (NOP) logger implementation
SLF4J: See http://www.slf4j.org/codes.html#StaticLoggerBinder for further details.
Ìub 15, 2026 5:25:26 ÍS org.openqa.selenium.devtools.CdpVersionFinder findNearestMatch
WARNING: Unable to find CDP implementation matching 144
Ìub 15, 2026 5:25:26 ÍS org.openqa.selenium.chromium.ChromiumDriver lambda$new$5
WARNING: Unable to find version of CDP to use for 144.0.7559.133. You may need to include a dependency on a specific ve
rsion of the CDP using something similar to `org.seleniumhq.selenium:selenium-devtools-v86:4.15.0` where the version ("
v86") matches the version of the chromium-based browser you're using and the version number of the artifact is the same
 as Selenium's.

=== Test 1: Ba■ar²l² Login ===
Ìu anki URL: https://www.saucedemo.com/inventory.html
? Test Ba■ar²l²!
Ìub 15, 2026 5:25:33 ÍS org.openqa.selenium.devtools.CdpVersionFinder findNearestMatch
WARNING: Unable to find CDP implementation matching 144
Ìub 15, 2026 5:25:33 ÍS org.openqa.selenium.chromium.ChromiumDriver lambda$new$5
WARNING: Unable to find version of CDP to use for 144.0.7559.133. You may need to include a dependency on a specific ve
rsion of the CDP using something similar to `org.seleniumhq.selenium:selenium-devtools-v86:4.15.0` where the version ("
v86") matches the version of the chromium-based browser you're using and the version number of the artifact is the same
 as Selenium's.

=== Test 2: Kilitli Kullan²c² ===
Hata g÷steriliyor mu: true
Hata mesaj²: Epic sadface: Sorry, this user has been locked out.
Ìu anki URL: https://www.saucedemo.com/
? Test Ba■ar²l²!
Ìub 15, 2026 5:25:39 ÍS freemarker.log._JULLoggerFactory$JULLogger error
SEVERE: Error executing FreeMarker template
FreeMarker template error:
Template inclusion failed (for parameter value "partials/except²on.ftl"):
Template not found for name "spark/partials/except²on.ftl".
The name was interpreted by this TemplateLoader: ClassTemplateLoader(resourceLoaderClass=com.aventstack.extentreports.E
xtentReports, basePackagePath="templates/" /* relatively to resourceLoaderClass pkg */).

----
FTL stack trace ("~" means nesting-related):
	- Failed at: #include "partials/${view.toString()}...  [in template "spark/spark.spa.ftl" at line 27, column 36]
----

Java stack trace (for programmers):
----
freemarker.core._MiscTemplateException: [... Exception message was already printed; see it above ...]
	at freemarker.core.Include.accept(Include.java:164)
	at freemarker.core.Environment.visit(Environment.java:371)
	at freemarker.core.IteratorBlock$IterationContext.executedNestedContentForCollOrSeqListing(IteratorBlock.java:321)
	at freemarker.core.IteratorBlock$IterationContext.executeNestedContent(IteratorBlock.java:271)
	at freemarker.core.IteratorBlock$IterationContext.accept(IteratorBlock.java:244)
	at freemarker.core.Environment.visitIteratorBlock(Environment.java:645)
	at freemarker.core.IteratorBlock.acceptWithResult(IteratorBlock.java:108)
	at freemarker.core.IteratorBlock.accept(IteratorBlock.java:94)
	at freemarker.core.Environment.visit(Environment.java:335)
	at freemarker.core.Environment.visit(Environment.java:341)
	at freemarker.core.Environment.process(Environment.java:314)
	at freemarker.template.Template.process(Template.java:383)
	at com.aventstack.extentreports.templating.FreemarkerTemplate.processTemplate(FreemarkerTemplate.java:52)
	at com.aventstack.extentreports.templating.FreemarkerTemplate.getSource(FreemarkerTemplate.java:39)
	at com.aventstack.extentreports.templating.FreemarkerTemplate.writeTemplate(FreemarkerTemplate.java:45)
	at com.aventstack.extentreports.reporter.AbstractFileReporter.processTemplate(AbstractFileReporter.java:74)
	at com.aventstack.extentreports.reporter.ExtentSparkReporter.flush(ExtentSparkReporter.java:149)
	at com.aventstack.extentreports.reporter.ExtentSparkReporter$1.onNext(ExtentSparkReporter.java:121)
	at com.aventstack.extentreports.reporter.ExtentSparkReporter$1.onNext(ExtentSparkReporter.java:113)
	at io.reactivex.rxjava3.subjects.PublishSubject$PublishDisposable.onNext(PublishSubject.java:310)
	at io.reactivex.rxjava3.subjects.PublishSubject.onNext(PublishSubject.java:226)
	at com.aventstack.extentreports.ReactiveSubject.onFlush(ReactiveSubject.java:83)
	at com.aventstack.extentreports.AbstractProcessor.onFlush(AbstractProcessor.java:96)
	at com.aventstack.extentreports.ExtentReports.flush(ExtentReports.java:279)
	at listeners.TestListener.onFinish(TestListener.java:53)
	at org.testng.TestRunner.fireEvent(TestRunner.java:986)
	at org.testng.TestRunner.afterRun(TestRunner.java:943)
	at org.testng.TestRunner.run(TestRunner.java:624)
	at org.testng.SuiteRunner.runTest(SuiteRunner.java:443)
	at org.testng.SuiteRunner.runSequentially(SuiteRunner.java:437)
	at org.testng.SuiteRunner.privateRun(SuiteRunner.java:397)
	at org.testng.SuiteRunner.run(SuiteRunner.java:336)
	at org.testng.SuiteRunnerWorker.runSuite(SuiteRunnerWorker.java:52)
	at org.testng.SuiteRunnerWorker.run(SuiteRunnerWorker.java:95)
	at org.testng.TestNG.runSuitesSequentially(TestNG.java:1280)
	at org.testng.TestNG.runSuitesLocally(TestNG.java:1200)
	at org.testng.TestNG.runSuites(TestNG.java:1114)
	at org.testng.TestNG.run(TestNG.java:1082)
	at org.apache.maven.surefire.testng.TestNGExecutor.run(TestNGExecutor.java:284)
	at org.apache.maven.surefire.testng.TestNGXmlTestSuite.execute(TestNGXmlTestSuite.java:75)
	at org.apache.maven.surefire.testng.TestNGProvider.invoke(TestNGProvider.java:119)
	at org.apache.maven.surefire.booter.ForkedBooter.runSuitesInProcess(ForkedBooter.java:428)
	at org.apache.maven.surefire.booter.ForkedBooter.execute(ForkedBooter.java:162)
	at org.apache.maven.surefire.booter.ForkedBooter.run(ForkedBooter.java:562)
	at org.apache.maven.surefire.booter.ForkedBooter.main(ForkedBooter.java:548)
Caused by: freemarker.template.TemplateNotFoundException: Template not found for name "spark/partials/except²on.ftl".
The name was interpreted by this TemplateLoader: ClassTemplateLoader(resourceLoaderClass=com.aventstack.extentreports.E
xtentReports, basePackagePath="templates/" /* relatively to resourceLoaderClass pkg */).
	at freemarker.template.Configuration.getTemplate(Configuration.java:2957)
	at freemarker.core.Environment.getTemplateForInclusion(Environment.java:3062)
	at freemarker.core.Include.accept(Include.java:162)
	... 44 more

Ìub 15, 2026 5:25:39 ÍS com.aventstack.extentreports.reporter.ExtentSparkReporter flush
SEVERE: An exception occurred
FreeMarker template error:
Template inclusion failed (for parameter value "partials/except²on.ftl"):
Template not found for name "spark/partials/except²on.ftl".
The name was interpreted by this TemplateLoader: ClassTemplateLoader(resourceLoaderClass=com.aventstack.extentreports.E
xtentReports, basePackagePath="templates/" /* relatively to resourceLoaderClass pkg */).

----
FTL stack trace ("~" means nesting-related):
	- Failed at: #include "partials/${view.toString()}...  [in template "spark/spark.spa.ftl" at line 27, column 36]
----

Java stack trace (for programmers):
----
freemarker.core._MiscTemplateException: [... Exception message was already printed; see it above ...]
	at freemarker.core.Include.accept(Include.java:164)
	at freemarker.core.Environment.visit(Environment.java:371)
	at freemarker.core.IteratorBlock$IterationContext.executedNestedContentForCollOrSeqListing(IteratorBlock.java:321)
	at freemarker.core.IteratorBlock$IterationContext.executeNestedContent(IteratorBlock.java:271)
	at freemarker.core.IteratorBlock$IterationContext.accept(IteratorBlock.java:244)
	at freemarker.core.Environment.visitIteratorBlock(Environment.java:645)
	at freemarker.core.IteratorBlock.acceptWithResult(IteratorBlock.java:108)
	at freemarker.core.IteratorBlock.accept(IteratorBlock.java:94)
	at freemarker.core.Environment.visit(Environment.java:335)
	at freemarker.core.Environment.visit(Environment.java:341)
	at freemarker.core.Environment.process(Environment.java:314)
	at freemarker.template.Template.process(Template.java:383)
	at com.aventstack.extentreports.templating.FreemarkerTemplate.processTemplate(FreemarkerTemplate.java:52)
	at com.aventstack.extentreports.templating.FreemarkerTemplate.getSource(FreemarkerTemplate.java:39)
	at com.aventstack.extentreports.templating.FreemarkerTemplate.writeTemplate(FreemarkerTemplate.java:45)
	at com.aventstack.extentreports.reporter.AbstractFileReporter.processTemplate(AbstractFileReporter.java:74)
	at com.aventstack.extentreports.reporter.ExtentSparkReporter.flush(ExtentSparkReporter.java:149)
	at com.aventstack.extentreports.reporter.ExtentSparkReporter$1.onNext(ExtentSparkReporter.java:121)
	at com.aventstack.extentreports.reporter.ExtentSparkReporter$1.onNext(ExtentSparkReporter.java:113)
	at io.reactivex.rxjava3.subjects.PublishSubject$PublishDisposable.onNext(PublishSubject.java:310)
	at io.reactivex.rxjava3.subjects.PublishSubject.onNext(PublishSubject.java:226)
	at com.aventstack.extentreports.ReactiveSubject.onFlush(ReactiveSubject.java:83)
	at com.aventstack.extentreports.AbstractProcessor.onFlush(AbstractProcessor.java:96)
	at com.aventstack.extentreports.ExtentReports.flush(ExtentReports.java:279)
	at listeners.TestListener.onFinish(TestListener.java:53)
	at org.testng.TestRunner.fireEvent(TestRunner.java:986)
	at org.testng.TestRunner.afterRun(TestRunner.java:943)
	at org.testng.TestRunner.run(TestRunner.java:624)
	at org.testng.SuiteRunner.runTest(SuiteRunner.java:443)
	at org.testng.SuiteRunner.runSequentially(SuiteRunner.java:437)
	at org.testng.SuiteRunner.privateRun(SuiteRunner.java:397)
	at org.testng.SuiteRunner.run(SuiteRunner.java:336)
	at org.testng.SuiteRunnerWorker.runSuite(SuiteRunnerWorker.java:52)
	at org.testng.SuiteRunnerWorker.run(SuiteRunnerWorker.java:95)
	at org.testng.TestNG.runSuitesSequentially(TestNG.java:1280)
	at org.testng.TestNG.runSuitesLocally(TestNG.java:1200)
	at org.testng.TestNG.runSuites(TestNG.java:1114)
	at org.testng.TestNG.run(TestNG.java:1082)
	at org.apache.maven.surefire.testng.TestNGExecutor.run(TestNGExecutor.java:284)
	at org.apache.maven.surefire.testng.TestNGXmlTestSuite.execute(TestNGXmlTestSuite.java:75)
	at org.apache.maven.surefire.testng.TestNGProvider.invoke(TestNGProvider.java:119)
	at org.apache.maven.surefire.booter.ForkedBooter.runSuitesInProcess(ForkedBooter.java:428)
	at org.apache.maven.surefire.booter.ForkedBooter.execute(ForkedBooter.java:162)
	at org.apache.maven.surefire.booter.ForkedBooter.run(ForkedBooter.java:562)
	at org.apache.maven.surefire.booter.ForkedBooter.main(ForkedBooter.java:548)
Caused by: freemarker.template.TemplateNotFoundException: Template not found for name "spark/partials/except²on.ftl".
The name was interpreted by this TemplateLoader: ClassTemplateLoader(resourceLoaderClass=com.aventstack.extentreports.E
xtentReports, basePackagePath="templates/" /* relatively to resourceLoaderClass pkg */).
	at freemarker.template.Configuration.getTemplate(Configuration.java:2957)
	at freemarker.core.Environment.getTemplateForInclusion(Environment.java:3062)
	at freemarker.core.Include.accept(Include.java:162)
	... 44 more

[INFO] Tests run: 2, Failures: 0, Errors: 0, Skipped: 0, Time elapsed: 16.491 s - in TestSuite
[INFO] 
[INFO] Results:
[INFO] 
[INFO] Tests run: 2, Failures: 0, Errors: 0, Skipped: 0
[INFO] 
[INFO] ------------------------------------------------------------------------
[INFO] BUILD SUCCESS
[INFO] ------------------------------------------------------------------------
[INFO] Total time:  25.037 s
[INFO] Finished at: 2026-02-15T17:25:40+03:00
[INFO] ------------------------------------------------------------------------
